// Jest Snapshot v1, https://goo.gl/fbAQLP

exports[`rendering with trend should render values with calculated trend 1`] = `
<View
  style={
    Object {
      "backgroundColor": "white",
      "borderRadius": 6,
      "display": "flex",
      "flex": 1,
      "flexDirection": "column",
      "margin": 8,
      "padding": 16,
      "shadowColor": undefined,
      "shadowOffset": Object {
        "height": 1,
        "width": 0,
      },
      "shadowOpacity": 0.2,
      "shadowRadius": 2,
    }
  }
>
  <View
    style={
      Object {
        "alignItems": "center",
        "flex": 1,
        "flexDirection": "row",
      }
    }
  >
    <View>
      <Text
        accessible={true}
        allowFontScaling={false}
        ellipsizeMode="tail"
        style={
          Array [
            Object {
              "color": "#999999",
              "fontSize": 20,
            },
            undefined,
            Object {
              "fontFamily": "simple-line-icons",
              "fontStyle": "normal",
              "fontWeight": "normal",
            },
          ]
        }
      >
        
      </Text>
    </View>
    <Text
      accessible={true}
      allowFontScaling={true}
      ellipsizeMode="tail"
      style={
        Object {
          "fontWeight": "bold",
          "paddingLeft": 8,
        }
      }
    >
      The title
    </Text>
  </View>
  <View
    style={
      Object {
        "paddingTop": 16,
      }
    }
  >
    <View
      style={
        Object {
          "flex": 1,
          "flexDirection": "row",
          "justifyContent": "space-between",
        }
      }
    >
      <View>
        <Text
          accessible={true}
          allowFontScaling={true}
          ellipsizeMode="tail"
        >
          Today
        </Text>
      </View>
      <View
        style={
          Object {
            "flex": 1,
            "flexDirection": "row",
            "justifyContent": "flex-end",
          }
        }
      >
        <View>
          <Text
            accessible={true}
            allowFontScaling={true}
            ellipsizeMode="tail"
          >
            0.1
          </Text>
        </View>
        <View
          style={
            Object {
              "flex": 1,
              "flexDirection": "row",
              "justifyContent": "flex-end",
            }
          }
        >
          <Text
            accessible={true}
            allowFontScaling={false}
            ellipsizeMode="tail"
            style={
              Array [
                Object {
                  "color": "#20AD92",
                  "fontSize": 20,
                },
                undefined,
                Object {
                  "fontFamily": "simple-line-icons",
                  "fontStyle": "normal",
                  "fontWeight": "normal",
                },
              ]
            }
          >
            
          </Text>
          <Text
            accessible={true}
            allowFontScaling={true}
            ellipsizeMode="tail"
          >
            100%
          </Text>
        </View>
      </View>
    </View>
    <View
      style={
        Object {
          "flex": 1,
          "flexDirection": "row",
          "justifyContent": "space-between",
        }
      }
    >
      <View>
        <Text
          accessible={true}
          allowFontScaling={true}
          ellipsizeMode="tail"
        >
          This week
        </Text>
      </View>
      <View
        style={
          Object {
            "flex": 1,
            "flexDirection": "row",
            "justifyContent": "flex-end",
          }
        }
      >
        <View>
          <Text
            accessible={true}
            allowFontScaling={true}
            ellipsizeMode="tail"
          >
            0.2
          </Text>
        </View>
        <View
          style={
            Object {
              "flex": 1,
              "flexDirection": "row",
              "justifyContent": "flex-end",
            }
          }
        >
          <Text
            accessible={true}
            allowFontScaling={false}
            ellipsizeMode="tail"
            style={
              Array [
                Object {
                  "color": "#20AD92",
                  "fontSize": 20,
                },
                undefined,
                Object {
                  "fontFamily": "simple-line-icons",
                  "fontStyle": "normal",
                  "fontWeight": "normal",
                },
              ]
            }
          >
            
          </Text>
          <Text
            accessible={true}
            allowFontScaling={true}
            ellipsizeMode="tail"
          >
            100%
          </Text>
        </View>
      </View>
    </View>
    <View
      style={
        Object {
          "flex": 1,
          "flexDirection": "row",
          "justifyContent": "space-between",
        }
      }
    >
      <View>
        <Text
          accessible={true}
          allowFontScaling={true}
          ellipsizeMode="tail"
        >
          This month
        </Text>
      </View>
      <View
        style={
          Object {
            "flex": 1,
            "flexDirection": "row",
            "justifyContent": "flex-end",
          }
        }
      >
        <View>
          <Text
            accessible={true}
            allowFontScaling={true}
            ellipsizeMode="tail"
          >
            0.3
          </Text>
        </View>
        <View
          style={
            Object {
              "flex": 1,
              "flexDirection": "row",
              "justifyContent": "flex-end",
            }
          }
        >
          <Text
            accessible={true}
            allowFontScaling={false}
            ellipsizeMode="tail"
            style={
              Array [
                Object {
                  "color": "#20AD92",
                  "fontSize": 20,
                },
                undefined,
                Object {
                  "fontFamily": "simple-line-icons",
                  "fontStyle": "normal",
                  "fontWeight": "normal",
                },
              ]
            }
          >
            
          </Text>
          <Text
            accessible={true}
            allowFontScaling={true}
            ellipsizeMode="tail"
          >
            100%
          </Text>
        </View>
      </View>
    </View>
  </View>
</View>
`;

exports[`rendering without trend should render only values 1`] = `
<View
  style={
    Object {
      "backgroundColor": "white",
      "borderRadius": 6,
      "display": "flex",
      "flex": 1,
      "flexDirection": "column",
      "margin": 8,
      "padding": 16,
      "shadowColor": undefined,
      "shadowOffset": Object {
        "height": 1,
        "width": 0,
      },
      "shadowOpacity": 0.2,
      "shadowRadius": 2,
    }
  }
>
  <View
    style={
      Object {
        "alignItems": "center",
        "flex": 1,
        "flexDirection": "row",
      }
    }
  >
    <View>
      <Text
        accessible={true}
        allowFontScaling={false}
        ellipsizeMode="tail"
        style={
          Array [
            Object {
              "color": "#999999",
              "fontSize": 20,
            },
            undefined,
            Object {
              "fontFamily": "simple-line-icons",
              "fontStyle": "normal",
              "fontWeight": "normal",
            },
          ]
        }
      >
        
      </Text>
    </View>
    <Text
      accessible={true}
      allowFontScaling={true}
      ellipsizeMode="tail"
      style={
        Object {
          "fontWeight": "bold",
          "paddingLeft": 8,
        }
      }
    >
      The title
    </Text>
  </View>
  <View
    style={
      Object {
        "paddingTop": 16,
      }
    }
  >
    <View
      style={
        Object {
          "flex": 1,
          "flexDirection": "row",
          "justifyContent": "space-between",
        }
      }
    >
      <View>
        <Text
          accessible={true}
          allowFontScaling={true}
          ellipsizeMode="tail"
        >
          Today
        </Text>
      </View>
      <View
        style={
          Object {
            "flex": 1,
            "flexDirection": "row",
            "justifyContent": "flex-end",
          }
        }
      >
        <View>
          <Text
            accessible={true}
            allowFontScaling={true}
            ellipsizeMode="tail"
          >
            0.1
          </Text>
        </View>
      </View>
    </View>
    <View
      style={
        Object {
          "flex": 1,
          "flexDirection": "row",
          "justifyContent": "space-between",
        }
      }
    >
      <View>
        <Text
          accessible={true}
          allowFontScaling={true}
          ellipsizeMode="tail"
        >
          This week
        </Text>
      </View>
      <View
        style={
          Object {
            "flex": 1,
            "flexDirection": "row",
            "justifyContent": "flex-end",
          }
        }
      >
        <View>
          <Text
            accessible={true}
            allowFontScaling={true}
            ellipsizeMode="tail"
          >
            0.2
          </Text>
        </View>
      </View>
    </View>
    <View
      style={
        Object {
          "flex": 1,
          "flexDirection": "row",
          "justifyContent": "space-between",
        }
      }
    >
      <View>
        <Text
          accessible={true}
          allowFontScaling={true}
          ellipsizeMode="tail"
        >
          This month
        </Text>
      </View>
      <View
        style={
          Object {
            "flex": 1,
            "flexDirection": "row",
            "justifyContent": "flex-end",
          }
        }
      >
        <View>
          <Text
            accessible={true}
            allowFontScaling={true}
            ellipsizeMode="tail"
          >
            0.3
          </Text>
        </View>
      </View>
    </View>
  </View>
</View>
`;
